Hello from Cnext IO!
Appended line.